   1              		.cpu cortex-m4
   2              		.eabi_attribute 27, 1
   3              		.eabi_attribute 20, 1
   4              		.eabi_attribute 21, 1
   5              		.eabi_attribute 23, 3
   6              		.eabi_attribute 24, 1
   7              		.eabi_attribute 25, 1
   8              		.eabi_attribute 26, 1
   9              		.eabi_attribute 30, 2
  10              		.eabi_attribute 34, 1
  11              		.eabi_attribute 18, 4
  12              		.file	"xmc4_gpio.c"
  13              		.text
  14              	.Ltext0:
  15              		.cfi_sections	.debug_frame
  16              		.section	.text.XMC_GPIO_Init,"ax",%progbits
  17              		.align	1
  18              		.p2align 2,,3
  19              		.global	XMC_GPIO_Init
  20              		.arch armv7e-m
  21              		.syntax unified
  22              		.thumb
  23              		.thumb_func
  24              		.fpu fpv4-sp-d16
  26              	XMC_GPIO_Init:
  27              	.LVL0:
  28              	.LFB138:
  29              		.file 1 "/opt/XMClib/XMC_Peripheral_Library_v2.1.16/XMCLib/src/xmc4_gpio.c"
   1:/opt/XMClib/XMC_Peripheral_Library_v2.1.16/XMCLib/src/xmc4_gpio.c **** /**
   2:/opt/XMClib/XMC_Peripheral_Library_v2.1.16/XMCLib/src/xmc4_gpio.c ****  * @file xmc4_gpio.c
   3:/opt/XMClib/XMC_Peripheral_Library_v2.1.16/XMCLib/src/xmc4_gpio.c ****  * @date 2015-06-20
   4:/opt/XMClib/XMC_Peripheral_Library_v2.1.16/XMCLib/src/xmc4_gpio.c ****  *
   5:/opt/XMClib/XMC_Peripheral_Library_v2.1.16/XMCLib/src/xmc4_gpio.c ****  * @cond
   6:/opt/XMClib/XMC_Peripheral_Library_v2.1.16/XMCLib/src/xmc4_gpio.c ****  **************************************************************************************************
   7:/opt/XMClib/XMC_Peripheral_Library_v2.1.16/XMCLib/src/xmc4_gpio.c ****  * XMClib v2.1.16 - XMC Peripheral Driver Library 
   8:/opt/XMClib/XMC_Peripheral_Library_v2.1.16/XMCLib/src/xmc4_gpio.c ****  *
   9:/opt/XMClib/XMC_Peripheral_Library_v2.1.16/XMCLib/src/xmc4_gpio.c ****  * Copyright (c) 2015-2017, Infineon Technologies AG
  10:/opt/XMClib/XMC_Peripheral_Library_v2.1.16/XMCLib/src/xmc4_gpio.c ****  * All rights reserved.                        
  11:/opt/XMClib/XMC_Peripheral_Library_v2.1.16/XMCLib/src/xmc4_gpio.c ****  *                                             
  12:/opt/XMClib/XMC_Peripheral_Library_v2.1.16/XMCLib/src/xmc4_gpio.c ****  * Redistribution and use in source and binary forms, with or without modification,are permitted pr
  13:/opt/XMClib/XMC_Peripheral_Library_v2.1.16/XMCLib/src/xmc4_gpio.c ****  * following conditions are met:   
  14:/opt/XMClib/XMC_Peripheral_Library_v2.1.16/XMCLib/src/xmc4_gpio.c ****  *                                                                              
  15:/opt/XMClib/XMC_Peripheral_Library_v2.1.16/XMCLib/src/xmc4_gpio.c ****  * Redistributions of source code must retain the above copyright notice, this list of conditions a
  16:/opt/XMClib/XMC_Peripheral_Library_v2.1.16/XMCLib/src/xmc4_gpio.c ****  * disclaimer.                        
  17:/opt/XMClib/XMC_Peripheral_Library_v2.1.16/XMCLib/src/xmc4_gpio.c ****  * 
  18:/opt/XMClib/XMC_Peripheral_Library_v2.1.16/XMCLib/src/xmc4_gpio.c ****  * Redistributions in binary form must reproduce the above copyright notice, this list of condition
  19:/opt/XMClib/XMC_Peripheral_Library_v2.1.16/XMCLib/src/xmc4_gpio.c ****  * disclaimer in the documentation and/or other materials provided with the distribution.          
  20:/opt/XMClib/XMC_Peripheral_Library_v2.1.16/XMCLib/src/xmc4_gpio.c ****  * 
  21:/opt/XMClib/XMC_Peripheral_Library_v2.1.16/XMCLib/src/xmc4_gpio.c ****  * Neither the name of the copyright holders nor the names of its contributors may be used to endor
  22:/opt/XMClib/XMC_Peripheral_Library_v2.1.16/XMCLib/src/xmc4_gpio.c ****  * products derived from this software without specific prior written permission.                  
  23:/opt/XMClib/XMC_Peripheral_Library_v2.1.16/XMCLib/src/xmc4_gpio.c ****  *                                                                              
  24:/opt/XMClib/XMC_Peripheral_Library_v2.1.16/XMCLib/src/xmc4_gpio.c ****  * THIS SOFTWARE IS PROVIDED BY THE COPYRIGHT HOLDERS AND CONTRIBUTORS "AS IS" AND ANY EXPRESS OR I
  25:/opt/XMClib/XMC_Peripheral_Library_v2.1.16/XMCLib/src/xmc4_gpio.c ****  * INCLUDING, BUT NOT LIMITED TO, THE IMPLIED WARRANTIES OF MERCHANTABILITY AND FITNESS FOR A PARTI
  26:/opt/XMClib/XMC_Peripheral_Library_v2.1.16/XMCLib/src/xmc4_gpio.c ****  * DISCLAIMED. IN NO EVENT SHALL THE COPYRIGHT HOLDER OR CONTRIBUTORS BE LIABLE  FOR ANY DIRECT, IN
  27:/opt/XMClib/XMC_Peripheral_Library_v2.1.16/XMCLib/src/xmc4_gpio.c ****  * SPECIAL, EXEMPLARY, OR CONSEQUENTIAL DAMAGES (INCLUDING, BUT NOT LIMITED TO, PROCUREMENT OF SUBS
  28:/opt/XMClib/XMC_Peripheral_Library_v2.1.16/XMCLib/src/xmc4_gpio.c ****  * SERVICES; LOSS OF USE, DATA, OR PROFITS; OR BUSINESS INTERRUPTION) HOWEVER CAUSED AND ON ANY THE
  29:/opt/XMClib/XMC_Peripheral_Library_v2.1.16/XMCLib/src/xmc4_gpio.c ****  * WHETHER IN CONTRACT, STRICT LIABILITY,OR TORT (INCLUDING NEGLIGENCE OR OTHERWISE) ARISING IN ANY
  30:/opt/XMClib/XMC_Peripheral_Library_v2.1.16/XMCLib/src/xmc4_gpio.c ****  * OF THIS SOFTWARE, EVEN IF ADVISED OF THE POSSIBILITY OF SUCH DAMAGE.                            
  31:/opt/XMClib/XMC_Peripheral_Library_v2.1.16/XMCLib/src/xmc4_gpio.c ****  *                                                                              
  32:/opt/XMClib/XMC_Peripheral_Library_v2.1.16/XMCLib/src/xmc4_gpio.c ****  * To improve the quality of the software, users are encouraged to share modifications, enhancement
  33:/opt/XMClib/XMC_Peripheral_Library_v2.1.16/XMCLib/src/xmc4_gpio.c ****  * Infineon Technologies AG dave@infineon.com).                                                    
  34:/opt/XMClib/XMC_Peripheral_Library_v2.1.16/XMCLib/src/xmc4_gpio.c ****  **************************************************************************************************
  35:/opt/XMClib/XMC_Peripheral_Library_v2.1.16/XMCLib/src/xmc4_gpio.c ****  *
  36:/opt/XMClib/XMC_Peripheral_Library_v2.1.16/XMCLib/src/xmc4_gpio.c ****  * Change History
  37:/opt/XMClib/XMC_Peripheral_Library_v2.1.16/XMCLib/src/xmc4_gpio.c ****  * --------------
  38:/opt/XMClib/XMC_Peripheral_Library_v2.1.16/XMCLib/src/xmc4_gpio.c ****  *
  39:/opt/XMClib/XMC_Peripheral_Library_v2.1.16/XMCLib/src/xmc4_gpio.c ****  * 2015-02-20:
  40:/opt/XMClib/XMC_Peripheral_Library_v2.1.16/XMCLib/src/xmc4_gpio.c ****  *     - Initial draft <br>
  41:/opt/XMClib/XMC_Peripheral_Library_v2.1.16/XMCLib/src/xmc4_gpio.c ****  *      
  42:/opt/XMClib/XMC_Peripheral_Library_v2.1.16/XMCLib/src/xmc4_gpio.c ****  * 2015-06-20:
  43:/opt/XMClib/XMC_Peripheral_Library_v2.1.16/XMCLib/src/xmc4_gpio.c ****  *     - Removed version macros and declaration of GetDriverVersion API
  44:/opt/XMClib/XMC_Peripheral_Library_v2.1.16/XMCLib/src/xmc4_gpio.c ****  *
  45:/opt/XMClib/XMC_Peripheral_Library_v2.1.16/XMCLib/src/xmc4_gpio.c ****  * @endcond
  46:/opt/XMClib/XMC_Peripheral_Library_v2.1.16/XMCLib/src/xmc4_gpio.c ****  *
  47:/opt/XMClib/XMC_Peripheral_Library_v2.1.16/XMCLib/src/xmc4_gpio.c ****  */
  48:/opt/XMClib/XMC_Peripheral_Library_v2.1.16/XMCLib/src/xmc4_gpio.c **** 
  49:/opt/XMClib/XMC_Peripheral_Library_v2.1.16/XMCLib/src/xmc4_gpio.c **** #include "xmc_gpio.h"
  50:/opt/XMClib/XMC_Peripheral_Library_v2.1.16/XMCLib/src/xmc4_gpio.c **** 
  51:/opt/XMClib/XMC_Peripheral_Library_v2.1.16/XMCLib/src/xmc4_gpio.c **** #if UC_FAMILY == XMC4
  52:/opt/XMClib/XMC_Peripheral_Library_v2.1.16/XMCLib/src/xmc4_gpio.c **** 
  53:/opt/XMClib/XMC_Peripheral_Library_v2.1.16/XMCLib/src/xmc4_gpio.c **** /*******************************************************************************
  54:/opt/XMClib/XMC_Peripheral_Library_v2.1.16/XMCLib/src/xmc4_gpio.c ****  * MACROS
  55:/opt/XMClib/XMC_Peripheral_Library_v2.1.16/XMCLib/src/xmc4_gpio.c ****  *******************************************************************************/
  56:/opt/XMClib/XMC_Peripheral_Library_v2.1.16/XMCLib/src/xmc4_gpio.c **** 
  57:/opt/XMClib/XMC_Peripheral_Library_v2.1.16/XMCLib/src/xmc4_gpio.c **** #define PORT_PDR_Msk              PORT0_PDR0_PD0_Msk
  58:/opt/XMClib/XMC_Peripheral_Library_v2.1.16/XMCLib/src/xmc4_gpio.c **** #define PORT_PDR_Size             (4U)
  59:/opt/XMClib/XMC_Peripheral_Library_v2.1.16/XMCLib/src/xmc4_gpio.c **** #define PORT_HWSEL_Msk            PORT0_HWSEL_HW0_Msk
  60:/opt/XMClib/XMC_Peripheral_Library_v2.1.16/XMCLib/src/xmc4_gpio.c **** 
  61:/opt/XMClib/XMC_Peripheral_Library_v2.1.16/XMCLib/src/xmc4_gpio.c **** /*******************************************************************************
  62:/opt/XMClib/XMC_Peripheral_Library_v2.1.16/XMCLib/src/xmc4_gpio.c ****  * API IMPLEMENTATION
  63:/opt/XMClib/XMC_Peripheral_Library_v2.1.16/XMCLib/src/xmc4_gpio.c ****  *******************************************************************************/
  64:/opt/XMClib/XMC_Peripheral_Library_v2.1.16/XMCLib/src/xmc4_gpio.c **** 
  65:/opt/XMClib/XMC_Peripheral_Library_v2.1.16/XMCLib/src/xmc4_gpio.c **** void XMC_GPIO_Init(XMC_GPIO_PORT_t *const port, const uint8_t pin, const XMC_GPIO_CONFIG_t *const c
  66:/opt/XMClib/XMC_Peripheral_Library_v2.1.16/XMCLib/src/xmc4_gpio.c **** {
  30              		.loc 1 66 1 view -0
  31              		.cfi_startproc
  32              		@ args = 0, pretend = 0, frame = 0
  33              		@ frame_needed = 0, uses_anonymous_args = 0
  67:/opt/XMClib/XMC_Peripheral_Library_v2.1.16/XMCLib/src/xmc4_gpio.c ****   XMC_ASSERT("XMC_GPIO_Init: Invalid port", XMC_GPIO_CHECK_PORT(port));
  34              		.loc 1 67 3 view .LVU1
  35              		.loc 1 67 71 view .LVU2
  68:/opt/XMClib/XMC_Peripheral_Library_v2.1.16/XMCLib/src/xmc4_gpio.c ****   XMC_ASSERT("XMC_GPIO_Init: Invalid mode", XMC_GPIO_IsModeValid(config->mode));
  36              		.loc 1 68 3 view .LVU3
  37              		.loc 1 68 80 view .LVU4
  69:/opt/XMClib/XMC_Peripheral_Library_v2.1.16/XMCLib/src/xmc4_gpio.c ****  
  70:/opt/XMClib/XMC_Peripheral_Library_v2.1.16/XMCLib/src/xmc4_gpio.c ****   /* Switch to input */
  71:/opt/XMClib/XMC_Peripheral_Library_v2.1.16/XMCLib/src/xmc4_gpio.c ****   port->IOCR[pin >> 2U] &= (uint32_t)~(PORT_IOCR_PC_Msk << (PORT_IOCR_PC_Size * (pin & 0x3U)));
  38              		.loc 1 71 3 view .LVU5
  39 0000 01F0FC03 		and	r3, r1, #252
  40 0004 0344     		add	r3, r3, r0
  41              		.loc 1 71 79 is_stmt 0 view .LVU6
  42 0006 01F0030C 		and	ip, r1, #3
  66:/opt/XMClib/XMC_Peripheral_Library_v2.1.16/XMCLib/src/xmc4_gpio.c ****   XMC_ASSERT("XMC_GPIO_Init: Invalid port", XMC_GPIO_CHECK_PORT(port));
  43              		.loc 1 66 1 view .LVU7
  44 000a 30B5     		push	{r4, r5, lr}
  45              	.LCFI0:
  46              		.cfi_def_cfa_offset 12
  47              		.cfi_offset 4, -12
  48              		.cfi_offset 5, -8
  49              		.cfi_offset 14, -4
  50              		.loc 1 71 79 view .LVU8
  51 000c 4FEACC0C 		lsl	ip, ip, #3
  52              		.loc 1 71 25 view .LVU9
  53 0010 1C69     		ldr	r4, [r3, #16]
  54              		.loc 1 71 57 view .LVU10
  55 0012 4FF0F80E 		mov	lr, #248
  56 0016 0EFA0CFE 		lsl	lr, lr, ip
  57              		.loc 1 71 25 view .LVU11
  58 001a 24EA0E04 		bic	r4, r4, lr
  59 001e 1C61     		str	r4, [r3, #16]
  72:/opt/XMClib/XMC_Peripheral_Library_v2.1.16/XMCLib/src/xmc4_gpio.c **** 
  73:/opt/XMClib/XMC_Peripheral_Library_v2.1.16/XMCLib/src/xmc4_gpio.c ****   /* HW port control is disabled */
  74:/opt/XMClib/XMC_Peripheral_Library_v2.1.16/XMCLib/src/xmc4_gpio.c ****   port->HWSEL &= ~(uint32_t)((uint32_t)PORT_HWSEL_Msk << ((uint32_t)pin << 1U));
  60              		.loc 1 74 3 is_stmt 1 view .LVU12
  61              		.loc 1 74 15 is_stmt 0 view .LVU13
  62 0020 446F     		ldr	r4, [r0, #116]
  63              		.loc 1 74 73 view .LVU14
  64 0022 4D00     		lsls	r5, r1, #1
  65              		.loc 1 74 19 view .LVU15
  66 0024 4FF0030E 		mov	lr, #3
  67 0028 0EFA05FE 		lsl	lr, lr, r5
  68              		.loc 1 74 15 view .LVU16
  69 002c 24EA0E04 		bic	r4, r4, lr
  70 0030 4467     		str	r4, [r0, #116]
  75:/opt/XMClib/XMC_Peripheral_Library_v2.1.16/XMCLib/src/xmc4_gpio.c **** 
  76:/opt/XMClib/XMC_Peripheral_Library_v2.1.16/XMCLib/src/xmc4_gpio.c **** 
  77:/opt/XMClib/XMC_Peripheral_Library_v2.1.16/XMCLib/src/xmc4_gpio.c ****   /* Enable digital input */
  78:/opt/XMClib/XMC_Peripheral_Library_v2.1.16/XMCLib/src/xmc4_gpio.c ****   if (XMC_GPIO_CHECK_ANALOG_PORT(port))
  71              		.loc 1 78 3 is_stmt 1 view .LVU17
  72              		.loc 1 78 6 is_stmt 0 view .LVU18
  73 0032 164C     		ldr	r4, .L7
  74 0034 A042     		cmp	r0, r4
  75 0036 19D0     		beq	.L2
  76              		.loc 1 78 7 discriminator 1 view .LVU19
  77 0038 04F58074 		add	r4, r4, #256
  78 003c A042     		cmp	r0, r4
  79 003e 15D0     		beq	.L2
  79:/opt/XMClib/XMC_Peripheral_Library_v2.1.16/XMCLib/src/xmc4_gpio.c ****   {
  80:/opt/XMClib/XMC_Peripheral_Library_v2.1.16/XMCLib/src/xmc4_gpio.c ****     port->PDISC &= ~(uint32_t)((uint32_t)0x1U << pin);
  81:/opt/XMClib/XMC_Peripheral_Library_v2.1.16/XMCLib/src/xmc4_gpio.c ****   }
  82:/opt/XMClib/XMC_Peripheral_Library_v2.1.16/XMCLib/src/xmc4_gpio.c ****   else
  83:/opt/XMClib/XMC_Peripheral_Library_v2.1.16/XMCLib/src/xmc4_gpio.c ****   {
  84:/opt/XMClib/XMC_Peripheral_Library_v2.1.16/XMCLib/src/xmc4_gpio.c ****     /* Set output level */
  85:/opt/XMClib/XMC_Peripheral_Library_v2.1.16/XMCLib/src/xmc4_gpio.c ****     port->OMR = (uint32_t)config->output_level << pin;
  80              		.loc 1 85 5 is_stmt 1 view .LVU20
  81              		.loc 1 85 48 is_stmt 0 view .LVU21
  82 0040 5468     		ldr	r4, [r2, #4]
  83 0042 8C40     		lsls	r4, r4, r1
  84              		.loc 1 85 15 view .LVU22
  85 0044 4460     		str	r4, [r0, #4]
  86:/opt/XMClib/XMC_Peripheral_Library_v2.1.16/XMCLib/src/xmc4_gpio.c **** 
  87:/opt/XMClib/XMC_Peripheral_Library_v2.1.16/XMCLib/src/xmc4_gpio.c ****     /* Set output driver strength */
  88:/opt/XMClib/XMC_Peripheral_Library_v2.1.16/XMCLib/src/xmc4_gpio.c ****     port->PDR[pin >> 3U] &= (uint32_t)~(PORT_PDR_Msk << ((uint32_t)PORT_PDR_Size * ((uint32_t)pin &
  86              		.loc 1 88 5 is_stmt 1 view .LVU23
  87 0046 CC08     		lsrs	r4, r1, #3
  88 0048 00EB8400 		add	r0, r0, r4, lsl #2
  89              	.LVL1:
  90              		.loc 1 88 82 is_stmt 0 view .LVU24
  91 004c 01F00701 		and	r1, r1, #7
  92              	.LVL2:
  93              		.loc 1 88 26 view .LVU25
  94 0050 046C     		ldr	r4, [r0, #64]
  95              		.loc 1 88 82 view .LVU26
  96 0052 8900     		lsls	r1, r1, #2
  97              		.loc 1 88 54 view .LVU27
  98 0054 0725     		movs	r5, #7
  99 0056 8D40     		lsls	r5, r5, r1
 100              		.loc 1 88 26 view .LVU28
 101 0058 24EA0504 		bic	r4, r4, r5
 102 005c 0464     		str	r4, [r0, #64]
  89:/opt/XMClib/XMC_Peripheral_Library_v2.1.16/XMCLib/src/xmc4_gpio.c ****     port->PDR[pin >> 3U] |= (uint32_t)config->output_strength << ((uint32_t)PORT_PDR_Size * ((uint3
 103              		.loc 1 89 5 is_stmt 1 view .LVU29
 104              		.loc 1 89 29 is_stmt 0 view .LVU30
 105 005e 147A     		ldrb	r4, [r2, #8]	@ zero_extendqisi2
 106              		.loc 1 89 63 view .LVU31
 107 0060 04FA01F1 		lsl	r1, r4, r1
 108              		.loc 1 89 26 view .LVU32
 109 0064 046C     		ldr	r4, [r0, #64]
 110 0066 2143     		orrs	r1, r1, r4
 111 0068 0164     		str	r1, [r0, #64]
 112 006a 07E0     		b	.L4
 113              	.LVL3:
 114              	.L2:
  80:/opt/XMClib/XMC_Peripheral_Library_v2.1.16/XMCLib/src/xmc4_gpio.c ****   }
 115              		.loc 1 80 5 is_stmt 1 view .LVU33
  80:/opt/XMClib/XMC_Peripheral_Library_v2.1.16/XMCLib/src/xmc4_gpio.c ****   }
 116              		.loc 1 80 17 is_stmt 0 view .LVU34
 117 006c 046E     		ldr	r4, [r0, #96]
  80:/opt/XMClib/XMC_Peripheral_Library_v2.1.16/XMCLib/src/xmc4_gpio.c ****   }
 118              		.loc 1 80 21 view .LVU35
 119 006e 4FF0010E 		mov	lr, #1
 120 0072 0EFA01F1 		lsl	r1, lr, r1
 121              	.LVL4:
  80:/opt/XMClib/XMC_Peripheral_Library_v2.1.16/XMCLib/src/xmc4_gpio.c ****   }
 122              		.loc 1 80 17 view .LVU36
 123 0076 24EA0101 		bic	r1, r4, r1
 124 007a 0166     		str	r1, [r0, #96]
 125              	.LVL5:
 126              	.L4:
  90:/opt/XMClib/XMC_Peripheral_Library_v2.1.16/XMCLib/src/xmc4_gpio.c ****   }
  91:/opt/XMClib/XMC_Peripheral_Library_v2.1.16/XMCLib/src/xmc4_gpio.c **** 
  92:/opt/XMClib/XMC_Peripheral_Library_v2.1.16/XMCLib/src/xmc4_gpio.c ****   /* Set mode */
  93:/opt/XMClib/XMC_Peripheral_Library_v2.1.16/XMCLib/src/xmc4_gpio.c ****   port->IOCR[pin >> 2U] |= (uint32_t)config->mode << ((uint32_t)PORT_IOCR_PC_Size * ((uint32_t)pin 
 127              		.loc 1 93 3 is_stmt 1 view .LVU37
 128              		.loc 1 93 28 is_stmt 0 view .LVU38
 129 007c 1278     		ldrb	r2, [r2]	@ zero_extendqisi2
 130              	.LVL6:
 131              		.loc 1 93 25 view .LVU39
 132 007e 1969     		ldr	r1, [r3, #16]
 133              		.loc 1 93 51 view .LVU40
 134 0080 02FA0CF2 		lsl	r2, r2, ip
 135              		.loc 1 93 25 view .LVU41
 136 0084 0A43     		orrs	r2, r2, r1
 137 0086 1A61     		str	r2, [r3, #16]
  94:/opt/XMClib/XMC_Peripheral_Library_v2.1.16/XMCLib/src/xmc4_gpio.c **** }
 138              		.loc 1 94 1 view .LVU42
 139 0088 30BD     		pop	{r4, r5, pc}
 140              	.L8:
 141 008a 00BF     		.align	2
 142              	.L7:
 143 008c 008E0248 		.word	1208126976
 144              		.cfi_endproc
 145              	.LFE138:
 147              		.section	.text.XMC_GPIO_SetOutputStrength,"ax",%progbits
 148              		.align	1
 149              		.p2align 2,,3
 150              		.global	XMC_GPIO_SetOutputStrength
 151              		.syntax unified
 152              		.thumb
 153              		.thumb_func
 154              		.fpu fpv4-sp-d16
 156              	XMC_GPIO_SetOutputStrength:
 157              	.LVL7:
 158              	.LFB139:
  95:/opt/XMClib/XMC_Peripheral_Library_v2.1.16/XMCLib/src/xmc4_gpio.c **** 
  96:/opt/XMClib/XMC_Peripheral_Library_v2.1.16/XMCLib/src/xmc4_gpio.c **** void XMC_GPIO_SetOutputStrength(XMC_GPIO_PORT_t *const port, const uint8_t pin, XMC_GPIO_OUTPUT_STR
  97:/opt/XMClib/XMC_Peripheral_Library_v2.1.16/XMCLib/src/xmc4_gpio.c **** {
 159              		.loc 1 97 1 is_stmt 1 view -0
 160              		.cfi_startproc
 161              		@ args = 0, pretend = 0, frame = 0
 162              		@ frame_needed = 0, uses_anonymous_args = 0
 163              		@ link register save eliminated.
  98:/opt/XMClib/XMC_Peripheral_Library_v2.1.16/XMCLib/src/xmc4_gpio.c ****   XMC_ASSERT("XMC_GPIO_Init: Invalid port", XMC_GPIO_CHECK_OUTPUT_PORT(port));
 164              		.loc 1 98 3 view .LVU44
 165              		.loc 1 98 78 view .LVU45
  99:/opt/XMClib/XMC_Peripheral_Library_v2.1.16/XMCLib/src/xmc4_gpio.c ****   XMC_ASSERT("XMC_GPIO_Init: Invalid output strength", XMC_GPIO_CHECK_OUTPUT_STRENGTH(strength));
 166              		.loc 1 99 3 view .LVU46
 167              		.loc 1 99 97 view .LVU47
 100:/opt/XMClib/XMC_Peripheral_Library_v2.1.16/XMCLib/src/xmc4_gpio.c **** 
 101:/opt/XMClib/XMC_Peripheral_Library_v2.1.16/XMCLib/src/xmc4_gpio.c ****   port->PDR[pin >> 3U] &= (uint32_t)~((uint32_t)PORT_PDR_Msk << ((uint32_t)PORT_PDR_Size * ((uint32
 168              		.loc 1 101 3 view .LVU48
 169 0000 CB08     		lsrs	r3, r1, #3
 170 0002 00EB8300 		add	r0, r0, r3, lsl #2
 171              	.LVL8:
 172              		.loc 1 101 90 is_stmt 0 view .LVU49
 173 0006 01F00701 		and	r1, r1, #7
 174              	.LVL9:
 175              		.loc 1 101 24 view .LVU50
 176 000a 036C     		ldr	r3, [r0, #64]
 177              		.loc 1 101 90 view .LVU51
 178 000c 8900     		lsls	r1, r1, #2
 179              		.loc 1 101 62 view .LVU52
 180 000e 4FF0070C 		mov	ip, #7
 102:/opt/XMClib/XMC_Peripheral_Library_v2.1.16/XMCLib/src/xmc4_gpio.c ****   port->PDR[pin >> 3U] |= (uint32_t)strength << ((uint32_t)PORT_PDR_Size * ((uint32_t)pin & 0x7U));
 181              		.loc 1 102 46 view .LVU53
 182 0012 8A40     		lsls	r2, r2, r1
 183              	.LVL10:
 101:/opt/XMClib/XMC_Peripheral_Library_v2.1.16/XMCLib/src/xmc4_gpio.c ****   port->PDR[pin >> 3U] |= (uint32_t)strength << ((uint32_t)PORT_PDR_Size * ((uint32_t)pin & 0x7U));
 184              		.loc 1 101 62 view .LVU54
 185 0014 0CFA01F1 		lsl	r1, ip, r1
 101:/opt/XMClib/XMC_Peripheral_Library_v2.1.16/XMCLib/src/xmc4_gpio.c ****   port->PDR[pin >> 3U] |= (uint32_t)strength << ((uint32_t)PORT_PDR_Size * ((uint32_t)pin & 0x7U));
 186              		.loc 1 101 24 view .LVU55
 187 0018 23EA0103 		bic	r3, r3, r1
 188 001c 0364     		str	r3, [r0, #64]
 189              		.loc 1 102 3 is_stmt 1 view .LVU56
 190              		.loc 1 102 24 is_stmt 0 view .LVU57
 191 001e 036C     		ldr	r3, [r0, #64]
 192 0020 1A43     		orrs	r2, r2, r3
 193 0022 0264     		str	r2, [r0, #64]
 103:/opt/XMClib/XMC_Peripheral_Library_v2.1.16/XMCLib/src/xmc4_gpio.c **** }
 194              		.loc 1 103 1 view .LVU58
 195 0024 7047     		bx	lr
 196              		.cfi_endproc
 197              	.LFE139:
 199 0026 00BF     		.text
 200              	.Letext0:
 201              		.file 2 "/usr/lib/gcc/arm-none-eabi/10.3.1/include/stdint.h"
 202              		.file 3 "/opt/XMClib/XMC_Peripheral_Library_v2.1.16/XMCLib/inc/xmc_gpio.h"
 203              		.file 4 "/opt/XMClib/XMC_Peripheral_Library_v2.1.16/XMCLib/inc/xmc4_gpio.h"
DEFINED SYMBOLS
                            *ABS*:0000000000000000 xmc4_gpio.c
     /tmp/ccexNHyZ.s:17     .text.XMC_GPIO_Init:0000000000000000 $t
     /tmp/ccexNHyZ.s:26     .text.XMC_GPIO_Init:0000000000000000 XMC_GPIO_Init
     /tmp/ccexNHyZ.s:143    .text.XMC_GPIO_Init:000000000000008c $d
     /tmp/ccexNHyZ.s:148    .text.XMC_GPIO_SetOutputStrength:0000000000000000 $t
     /tmp/ccexNHyZ.s:156    .text.XMC_GPIO_SetOutputStrength:0000000000000000 XMC_GPIO_SetOutputStrength
                           .group:0000000000000000 wm4.0.e4574648072bd3e2573d432a1a9df810
                           .group:0000000000000000 wm4.stddef.h.39.27677723d43e5b5a7afdf8d798429f1d
                           .group:0000000000000000 wm4.stdint.h.29.6d480f4ba0f60596e88234283d42444f
                           .group:0000000000000000 wm4.stdbool.h.29.07dce69c3b78884144b7f7bd19483461
                           .group:0000000000000000 wm4._newlib_version.h.4.1ef4e12f167f8b69d7c30054be56050d
                           .group:0000000000000000 wm4.newlib.h.21.1ae2897bc09bbe4bc80ffb801fb02432
                           .group:0000000000000000 wm4.ieeefp.h.77.f33a4dce62116f6f5175ff8bae57a54c
                           .group:0000000000000000 wm4.features.h.22.026edb2397769f4ae13f35900dbdb560
                           .group:0000000000000000 wm4.config.h.224.c701144a7b0518c6ee9b9b5465b79f81
                           .group:0000000000000000 wm4._ansi.h.31.de524f58584151836e90d8620a16f8e8
                           .group:0000000000000000 wm4._types.h.20.dd0d04dca3800a0d2a6129b87f3adbb2
                           .group:0000000000000000 wm4.stddef.h.155.3588ebfdd1e8c7ede80509bb9c3b8009
                           .group:0000000000000000 wm4._default_types.h.6.959254cf5f09734ea7516c89e8bb21bd
                           .group:0000000000000000 wm4._types.h.127.34941de1b2539d59d5cac00e0dd27a45
                           .group:0000000000000000 wm4.reent.h.17.e292bf8b0bec6c96e131a54347145a30
                           .group:0000000000000000 wm4.lock.h.2.c0958401bd0ce484d507ee19aacab817
                           .group:0000000000000000 wm4.reent.h.77.dcd6129ff07fe81bd5636db29abe53b2
                           .group:0000000000000000 wm4.cdefs.h.49.3d0fe8ea14e93bda8c589d4f684b21b8
                           .group:0000000000000000 wm4.string.h.15.dab3980bf35408a4c507182805e2de3a
                           .group:0000000000000000 wm4.stddef.h.155.ba788add86a0e365f264484f110c3c29
                           .group:0000000000000000 wm4.xmc_device.h.61.ba2d082e12f51240746cffdd60d42b81
                           .group:0000000000000000 wm4.XMC4500.h.55.9aa45b9b5790506b2dcb963e4e7adeaf
                           .group:0000000000000000 wm4.core_cm4.h.32.6c6eb1c8daeca23ce7ba79c8e8120d52
                           .group:0000000000000000 wm4.cmsis_gcc.h.26.91b63349961c35637933e4fba51b867b
                           .group:0000000000000000 wm4.core_cm4.h.172.fdd5a388a160bb6ff767b7d7ee212268
                           .group:0000000000000000 wm4.system_XMC4500.h.42.99124977c10ca8844a71949adbeabd70
                           .group:0000000000000000 wm4.XMC4500.h.208.b340195df97f067735c4c769ba59985a
                           .group:0000000000000000 wm4.xmc_device.h.1460.8860499b404961ffcfbb8d1fefcb2146
                           .group:0000000000000000 wm4.xmc_common.h.92.3f4336a80569affab05a81145b87c2fc
                           .group:0000000000000000 wm4.xmc_gpio.h.97.fa6a2e1be6030a75d960293cc3bbbd6b
                           .group:0000000000000000 wm4.xmc4_gpio_map.h.74.66e9110cf801b78826ef5354da51c32f
                           .group:0000000000000000 wm4.xmc4_gpio.h.79.ce6c49508b5a7769c66e7e3c21dcdfe4

NO UNDEFINED SYMBOLS
